Picked up JAVA_TOOL_OPTIONS: -Xmx400g
0.57user 0.07system 0:00.29elapsed 217%CPU (0avgtext+0avgdata 102544maxresident)k
0inputs+96outputs (8major+27750minor)pagefaults 0swaps
