0.00user 0.00system 0:00.04elapsed 28%CPU (0avgtext+0avgdata 4864maxresident)k
0inputs+32outputs (0major+748minor)pagefaults 0swaps
