[M::mm_idx_gen::1.676*1.00] collected minimizers
[M::mm_idx_gen::2.018*1.50] sorted minimizers
[M::main::2.018*1.50] loaded/built the index for 1 target sequence(s)
[M::mm_mapopt_update::2.197*1.46] mid_occ = 295
[M::mm_idx_stat] kmer size: 14; skip: 5; is_hpc: 0; #seq: 1
[M::mm_idx_stat::2.316*1.44] distinct minimizers: 7719919 (77.83% are singletons); average occurrences: 1.727; average spacing: 3.812; total length: 50818468
[M::worker_pipeline::2.484*1.58] mapped 428 sequences
[M::main] Version: 2.26-r1175
[M::main] CMD: minimap2 -t 4 -a -x splice -ub -k14 --secondary=no genome.fa test.fastq.gz
[M::main] Real time: 2.501 sec; CPU: 3.946 sec; Peak RSS: 0.621 GB
3.53user 0.42system 0:02.53elapsed 156%CPU (0avgtext+0avgdata 651640maxresident)k
0inputs+8outputs (0major+236312minor)pagefaults 0swaps
