[bam_sort_core] merging from 0 files and 4 in-memory blocks...
0.02user 0.00system 0:00.05elapsed 47%CPU (0avgtext+0avgdata 7000maxresident)k
0inputs+752outputs (0major+1597minor)pagefaults 0swaps
