1.12user 0.19system 0:05.73elapsed 23%CPU (0avgtext+0avgdata 188028maxresident)k
2040inputs+4024outputs (73major+65190minor)pagefaults 0swaps
