../map_genome/test.sorted.bam	0
 Work directory espresso_work does not exist. Make it by myself
[Tue Dec 10 12:28:06 2024] Loading reference
[Tue Dec 10 12:28:06 2024] Loading annotation
Worker 0 begins to scan: 
 ../map_genome/test.sorted.bam
Worker 0 finished reporting.
[Tue Dec 10 12:28:11 2024] Re-cluster all reads
[Tue Dec 10 12:28:11 2024] Summarizing annotated splice junctions for each read group
Worker 0 begins to scan: 
 ../map_genome/test.sorted.bam
Worker 0 finished reporting.
[Tue Dec 10 12:28:17 2024] ESPRESSO_S finished its work.
