0.15user 0.04system 0:11.17elapsed 1%CPU (0avgtext+0avgdata 24168maxresident)k
600inputs+768outputs (0major+13249minor)pagefaults 0swaps
