0.74user 0.28system 0:12.10elapsed 8%CPU (0avgtext+0avgdata 318624maxresident)k
31744inputs+2528outputs (725major+97896minor)pagefaults 0swaps
