2.75user 2.66system 0:05.15elapsed 104%CPU (0avgtext+0avgdata 71784maxresident)k
385480inputs+2224outputs (2433major+81948minor)pagefaults 0swaps
