2024-12-10 12:24:02,947 - INFO - Running IsoQuant version 3.3.1
2024-12-10 12:24:02,963 - INFO - Novel unspliced transcripts will not be reported, set --report_novel_unspliced true to discover them
2024-12-10 12:24:02,963 - INFO -  === IsoQuant pipeline started === 
2024-12-10 12:24:02,964 - INFO - Converting gene annotation file to .db format (takes a while)...
2024-12-10 12:24:03,028 - INFO - Gene database written to /mnt/fsx/user/kajitt3k/git/IsoRefiner/test/isoquant/isoquant_out/annot.db
2024-12-10 12:24:03,028 - INFO - Provide this database next time to avoid excessive conversion
2024-12-10 12:24:03,030 - INFO - Loading gene database from /mnt/fsx/user/kajitt3k/git/IsoRefiner/test/isoquant/isoquant_out/annot.db
2024-12-10 12:24:03,037 - INFO - Loading reference genome from /mnt/fsx/user/kajitt3k/git/IsoRefiner/test/isoquant/genome.fa
2024-12-10 12:24:03,462 - INFO - Processing 1 sample
2024-12-10 12:24:03,463 - INFO - Processing sample isoquant
2024-12-10 12:24:03,463 - INFO - Sample has 1 BAM file: ../map_genome/test.sorted.bam
2024-12-10 12:24:03,464 - INFO - Collecting read alignments
2024-12-10 12:24:03,491 - INFO - Processing chromosome chr22
2024-12-10 12:24:03,787 - INFO - Finished processing chromosome chr22
2024-12-10 12:24:03,795 - INFO - Resolving multimappers
2024-12-10 12:24:03,799 - INFO - Finishing read assignment, total assignments 405, polyA percentage 0.0
2024-12-10 12:24:03,799 - INFO - Read assignments files saved to isoquant_out/isoquant/aux/isoquant.save*. 
2024-12-10 12:24:03,799 - INFO - To keep these intermediate files for debug purposes use --keep_tmp flag
2024-12-10 12:24:03,800 - INFO - Total alignments processed: 405, polyA tail detected in 0 (0.0%)
2024-12-10 12:24:03,800 - INFO - Processing assigned reads isoquant
2024-12-10 12:24:03,819 - INFO - Processing chromosome chr22
2024-12-10 12:24:03,834 - INFO - Loading read assignments from isoquant_out/isoquant/aux/isoquant.save_chr22
2024-12-10 12:24:03,934 - INFO - Finished processing chromosome chr22
2024-12-10 12:24:03,954 - INFO - Transcript model file isoquant_out/isoquant/isoquant.transcript_models.gtf
2024-12-10 12:24:03,957 - INFO - Extended annotation is saved to isoquant_out/isoquant/isoquant.extended_annotation.gtf
2024-12-10 12:24:03,957 - INFO - Transcript model statistics
2024-12-10 12:24:03,957 - INFO - known: 4
2024-12-10 12:24:03,957 - INFO - novel_in_catalog: 1
2024-12-10 12:24:03,957 - INFO - novel_not_in_catalog: 1
2024-12-10 12:24:03,982 - INFO - Gene counts are stored in isoquant_out/isoquant/isoquant.gene_counts.tsv
2024-12-10 12:24:03,982 - INFO - Transcript counts are stored in isoquant_out/isoquant/isoquant.transcript_counts.tsv
2024-12-10 12:24:03,982 - INFO - Read assignments are stored in isoquant_out/isoquant/isoquant.read_assignments.tsv
2024-12-10 12:24:03,982 - INFO - Read assignment statistics
2024-12-10 12:24:03,982 - INFO - ambiguous: 48
2024-12-10 12:24:03,982 - INFO - inconsistent: 69
2024-12-10 12:24:03,982 - INFO - unique: 282
2024-12-10 12:24:03,982 - INFO - unique_minor_difference: 6
2024-12-10 12:24:03,988 - INFO - Processed sample isoquant
2024-12-10 12:24:03,988 - INFO - Processed 1 sample
2024-12-10 12:24:03,988 - INFO -  === IsoQuant pipeline finished === 
