  19 reference transcripts loaded.
  16 query transfrags loaded.
