  19 reference transcripts loaded.
  22 query transfrags loaded.
0.00user 0.00system 0:00.02elapsed 21%CPU (0avgtext+0avgdata 3384maxresident)k
0inputs+96outputs (0major+433minor)pagefaults 0swaps
