  19 reference transcripts loaded.
Loading query file #1: ref.gtf
  19 query transfrags loaded.
Loading query file #2: set_0.gtf
  5 query transfrags loaded.
Loading query file #3: set_1.gtf
  5 query transfrags loaded.
Loading query file #4: set_2.gtf
  5 query transfrags loaded.
Loading query file #5: set_3.gtf
  4 query transfrags loaded.
Loading query file #6: set_4.gtf
  4 query transfrags loaded.
0.00user 0.01system 0:00.08elapsed 20%CPU (0avgtext+0avgdata 3548maxresident)k
28704inputs+184outputs (26major+460minor)pagefaults 0swaps
